06:37:07 **** Incremental Build of configuration Debug for project SOC_interrupt_GPIO_app ****
make all 
make --no-print-directory pre-build
a9-linaro-pre-build-step
' '
make --no-print-directory main-build
'Building file: ../src/helloworld.c'
'Invoking: ARM v7 gcc compiler'
arm-none-eabi-gcc -Wall -O0 -g3 -c -fmessage-length=0 -MT"src/helloworld.o" -mcpu=cortex-a9 -mfpu=vfpv3 -mfloat-abi=hard -IC:/DevWorks/SOC_interrupt_GPIO/VITIS/SOC_interrupt_GPIO/export/SOC_interrupt_GPIO/sw/SOC_interrupt_GPIO/standalone_ps7_cortexa9_0/bspinclude/include -MMD -MP -MF"src/helloworld.d" -MT"src/helloworld.o" -o "src/helloworld.o" "../src/helloworld.c"
'Finished building: ../src/helloworld.c'
' '
'Building target: SOC_interrupt_GPIO_app.elf'
'Invoking: ARM v7 gcc linker'
arm-none-eabi-gcc -mcpu=cortex-a9 -mfpu=vfpv3 -mfloat-abi=hard -Wl,-build-id=none -specs=Xilinx.spec -Wl,-T -Wl,../src/lscript.ld -LC:/DevWorks/SOC_interrupt_GPIO/VITIS/SOC_interrupt_GPIO/export/SOC_interrupt_GPIO/sw/SOC_interrupt_GPIO/standalone_ps7_cortexa9_0/bsplib/lib -o "SOC_interrupt_GPIO_app.elf"  ./src/helloworld.o ./src/platform.o   -Wl,--start-group,-lxil,-lgcc,-lc,--end-group
'Finished building target: SOC_interrupt_GPIO_app.elf'
' '
'Invoking: ARM v7 Print Size'
arm-none-eabi-size SOC_interrupt_GPIO_app.elf  |tee "SOC_interrupt_GPIO_app.elf.size"
   text	   data	    bss	    dec	    hex	filename
  30043	   1936	  22624	  54603	   d54b	SOC_interrupt_GPIO_app.elf
'Finished building: SOC_interrupt_GPIO_app.elf.size'
' '

06:37:07 Build Finished (took 805ms)

