14:21:04 **** Incremental Build of configuration Debug for project SOC_BRAM_APP ****
make all 
make --no-print-directory pre-build
a9-linaro-pre-build-step
' '
make --no-print-directory main-build
'Building file: ../src/helloworld.c'
'Invoking: ARM v7 gcc compiler'
arm-none-eabi-gcc -Wall -O0 -g3 -c -fmessage-length=0 -MT"src/helloworld.o" -mcpu=cortex-a9 -mfpu=vfpv3 -mfloat-abi=hard -IC:/DevWorks/SOC_BRAM/VITIS/SOC_BRAM/export/SOC_BRAM/sw/SOC_BRAM/standalone_ps7_cortexa9_0/bspinclude/include -MMD -MP -MF"src/helloworld.d" -MT"src/helloworld.o" -o "src/helloworld.o" "../src/helloworld.c"
'Finished building: ../src/helloworld.c'
' '
'Building target: SOC_BRAM_APP.elf'
'Invoking: ARM v7 gcc linker'
arm-none-eabi-gcc -mcpu=cortex-a9 -mfpu=vfpv3 -mfloat-abi=hard -Wl,-build-id=none -specs=Xilinx.spec -Wl,-T -Wl,../src/lscript.ld -LC:/DevWorks/SOC_BRAM/VITIS/SOC_BRAM/export/SOC_BRAM/sw/SOC_BRAM/standalone_ps7_cortexa9_0/bsplib/lib -o "SOC_BRAM_APP.elf"  ./src/helloworld.o ./src/platform.o   -Wl,--start-group,-lxil,-lgcc,-lc,--end-group
'Finished building target: SOC_BRAM_APP.elf'
' '
'Invoking: ARM v7 Print Size'
arm-none-eabi-size SOC_BRAM_APP.elf  |tee "SOC_BRAM_APP.elf.size"
   text	   data	    bss	    dec	    hex	filename
  30758	   2272	  22728	  55758	   d9ce	SOC_BRAM_APP.elf
'Finished building: SOC_BRAM_APP.elf.size'
' '

14:21:05 Build Finished (took 812ms)

