16:51:08 **** Incremental Build of configuration Debug for project NeoPixel_AXI_App ****
make all 
make --no-print-directory pre-build
a9-linaro-pre-build-step
' '
make --no-print-directory main-build
'Building file: ../src/helloworld.c'
'Invoking: ARM v7 gcc compiler'
arm-none-eabi-gcc -Wall -O0 -g3 -c -fmessage-length=0 -MT"src/helloworld.o" -mcpu=cortex-a9 -mfpu=vfpv3 -mfloat-abi=hard -IC:/DevWorks/SOC_NeoPixel_Axi/VITIS/SOC_NeoPixel_AXI/export/SOC_NeoPixel_AXI/sw/SOC_NeoPixel_AXI/standalone_ps7_cortexa9_0/bspinclude/include -MMD -MP -MF"src/helloworld.d" -MT"src/helloworld.o" -o "src/helloworld.o" "../src/helloworld.c"
'Finished building: ../src/helloworld.c'
' '
'Building target: NeoPixel_AXI_App.elf'
'Invoking: ARM v7 gcc linker'
arm-none-eabi-gcc -mcpu=cortex-a9 -mfpu=vfpv3 -mfloat-abi=hard -Wl,-build-id=none -specs=Xilinx.spec -Wl,-T -Wl,../src/lscript.ld -LC:/DevWorks/SOC_NeoPixel_Axi/VITIS/SOC_NeoPixel_AXI/export/SOC_NeoPixel_AXI/sw/SOC_NeoPixel_AXI/standalone_ps7_cortexa9_0/bsplib/lib -o "NeoPixel_AXI_App.elf"  ./src/helloworld.o ./src/platform.o   -Wl,--start-group,-lxil,-lgcc,-lc,--end-group
'Finished building target: NeoPixel_AXI_App.elf'
' '
'Invoking: ARM v7 Print Size'
arm-none-eabi-size NeoPixel_AXI_App.elf  |tee "NeoPixel_AXI_App.elf.size"
   text	   data	    bss	    dec	    hex	filename
  19464	   1144	  22568	  43176	   a8a8	NeoPixel_AXI_App.elf
'Finished building: NeoPixel_AXI_App.elf.size'
' '

16:51:09 Build Finished (took 868ms)

