Nothing to build in platform 'SOC_GPIOBlocks'

12:26:17 **** Incremental Build of configuration Debug for project SOC_GPIOBlocksApp ****
make all 
make --no-print-directory pre-build
a9-linaro-pre-build-step
' '
make --no-print-directory main-build
'Building file: ../src/helloworld.c'
'Invoking: ARM v7 gcc compiler'
arm-none-eabi-gcc -Wall -O0 -g3 -c -fmessage-length=0 -MT"src/helloworld.o" -mcpu=cortex-a9 -mfpu=vfpv3 -mfloat-abi=hard -IC:/DevWorks/SOC_GPIOBlocks/Vitis/SOC_GPIOBlocks/export/SOC_GPIOBlocks/sw/SOC_GPIOBlocks/standalone_ps7_cortexa9_0/bspinclude/include -MMD -MP -MF"src/helloworld.d" -MT"src/helloworld.o" -o "src/helloworld.o" "../src/helloworld.c"
'Finished building: ../src/helloworld.c'
' '
'Building target: SOC_GPIOBlocksApp.elf'
'Invoking: ARM v7 gcc linker'
arm-none-eabi-gcc -mcpu=cortex-a9 -mfpu=vfpv3 -mfloat-abi=hard -Wl,-build-id=none -specs=Xilinx.spec -Wl,-T -Wl,../src/lscript.ld -LC:/DevWorks/SOC_GPIOBlocks/Vitis/SOC_GPIOBlocks/export/SOC_GPIOBlocks/sw/SOC_GPIOBlocks/standalone_ps7_cortexa9_0/bsplib/lib -o "SOC_GPIOBlocksApp.elf"  ./src/helloworld.o ./src/platform.o   -Wl,--start-group,-lxil,-lgcc,-lc,--end-group
'Finished building target: SOC_GPIOBlocksApp.elf'
' '
'Invoking: ARM v7 Print Size'
arm-none-eabi-size SOC_GPIOBlocksApp.elf  |tee "SOC_GPIOBlocksApp.elf.size"
   text	   data	    bss	    dec	    hex	filename
  58539	   3368	  22728	  84635	  14a9b	SOC_GPIOBlocksApp.elf
'Finished building: SOC_GPIOBlocksApp.elf.size'
' '
