#-----------------------------------------------------------
# Vivado v2024.1 (64-bit)
# SW Build 5076996 on Wed May 22 18:37:14 MDT 2024
# IP Build 5075265 on Wed May 22 21:45:21 MDT 2024
# SharedData Build 5076995 on Wed May 22 18:29:18 MDT 2024
# Start of session at: Mon Feb 17 14:18:26 2025
# Process ID: 1276
# Current directory: C:/DevWorks/SOC_GPIO/SOC_GPIO.runs/design_1_processing_system7_0_0_synth_1
# Command line: vivado.exe -log design_1_processing_system7_0_0.vds -product Vivado -mode batch -messageDb vivado.pb -notrace -source design_1_processing_system7_0_0.tcl
# Log file: C:/DevWorks/SOC_GPIO/SOC_GPIO.runs/design_1_processing_system7_0_0_synth_1/design_1_processing_system7_0_0.vds
# Journal file: C:/DevWorks/SOC_GPIO/SOC_GPIO.runs/design_1_processing_system7_0_0_synth_1\vivado.jou
# Running On        :5CD322B22T
# Platform          :Windows Server 2016 or Windows 10
# Operating System  :22631
# Processor Detail  :AMD Ryzen 5 PRO 7530U with Radeon Graphics     
# CPU Frequency     :1996 MHz
# CPU Physical cores:6
# CPU Logical cores :12
# Host memory       :16442 MB
# Swap memory       :17179 MB
# Total Virtual     :33622 MB
# Available Virtual :14526 MB
#-----------------------------------------------------------
source design_1_processing_system7_0_0.tcl -notrace
