Nothing to build in platform 'SOC_NeoPixel_Axi'

21:53:10 **** Incremental Build of configuration Debug for project Neopixel_4modes_app ****
make all 
make --no-print-directory pre-build
a9-linaro-pre-build-step
' '
make --no-print-directory main-build
'Building file: ../src/neopixel_modes.c'
'Invoking: ARM v7 gcc compiler'
arm-none-eabi-gcc -Wall -O0 -g3 -c -fmessage-length=0 -MT"src/neopixel_modes.o" -mcpu=cortex-a9 -mfpu=vfpv3 -mfloat-abi=hard -IC:/DevWorks/SOC_NeoPixel_Axi/Neopixel_App/SOC_NeoPixel_Axi/export/SOC_NeoPixel_Axi/sw/SOC_NeoPixel_Axi/standalone_ps7_cortexa9_0/bspinclude/include -MMD -MP -MF"src/neopixel_modes.d" -MT"src/neopixel_modes.o" -o "src/neopixel_modes.o" "../src/neopixel_modes.c"
'Finished building: ../src/neopixel_modes.c'
' '
'Building target: Neopixel_4modes_app.elf'
'Invoking: ARM v7 gcc linker'
arm-none-eabi-gcc -mcpu=cortex-a9 -mfpu=vfpv3 -mfloat-abi=hard -Wl,-build-id=none -specs=Xilinx.spec -Wl,-T -Wl,../src/lscript.ld -LC:/DevWorks/SOC_NeoPixel_Axi/Neopixel_App/SOC_NeoPixel_Axi/export/SOC_NeoPixel_Axi/sw/SOC_NeoPixel_Axi/standalone_ps7_cortexa9_0/bsplib/lib -o "Neopixel_4modes_app.elf"  ./src/helloworld.o ./src/neopixel_modes.o ./src/platform.o   -Wl,--start-group,-lxil,-lgcc,-lc,--end-group
'Finished building target: Neopixel_4modes_app.elf'
' '
'Invoking: ARM v7 Print Size'
arm-none-eabi-size Neopixel_4modes_app.elf  |tee "Neopixel_4modes_app.elf.size"
   text	   data	    bss	    dec	    hex	filename
  33099	   1952	  22656	  57707	   e16b	Neopixel_4modes_app.elf
'Finished building: Neopixel_4modes_app.elf.size'
' '
