20:44:23 **** Build of configuration Debug for project Neopixel_4modes_app ****
make all 
make --no-print-directory pre-build
a9-linaro-pre-build-step
' '
make --no-print-directory main-build
'Building file: ../src/helloworld.c'
'Invoking: ARM v7 gcc compiler'
arm-none-eabi-gcc -Wall -O0 -g3 -c -fmessage-length=0 -MT"src/helloworld.o" -mcpu=cortex-a9 -mfpu=vfpv3 -mfloat-abi=hard -IC:/DevWorks/SOC_NeoPixel_Axi/Neopixel_App/SOC_NeoPixel_Axi/export/SOC_NeoPixel_Axi/sw/SOC_NeoPixel_Axi/standalone_ps7_cortexa9_0/bspinclude/include -MMD -MP -MF"src/helloworld.d" -MT"src/helloworld.o" -o "src/helloworld.o" "../src/helloworld.c"
'Finished building: ../src/helloworld.c'
' '
'Building file: ../src/platform.c'
'Invoking: ARM v7 gcc compiler'
arm-none-eabi-gcc -Wall -O0 -g3 -c -fmessage-length=0 -MT"src/platform.o" -mcpu=cortex-a9 -mfpu=vfpv3 -mfloat-abi=hard -IC:/DevWorks/SOC_NeoPixel_Axi/Neopixel_App/SOC_NeoPixel_Axi/export/SOC_NeoPixel_Axi/sw/SOC_NeoPixel_Axi/standalone_ps7_cortexa9_0/bspinclude/include -MMD -MP -MF"src/platform.d" -MT"src/platform.o" -o "src/platform.o" "../src/platform.c"
'Finished building: ../src/platform.c'
' '
'Building target: Neopixel_4modes_app.elf'
'Invoking: ARM v7 gcc linker'
arm-none-eabi-gcc -mcpu=cortex-a9 -mfpu=vfpv3 -mfloat-abi=hard -Wl,-build-id=none -specs=Xilinx.spec -Wl,-T -Wl,../src/lscript.ld -LC:/DevWorks/SOC_NeoPixel_Axi/Neopixel_App/SOC_NeoPixel_Axi/export/SOC_NeoPixel_Axi/sw/SOC_NeoPixel_Axi/standalone_ps7_cortexa9_0/bsplib/lib -o "Neopixel_4modes_app.elf"  ./src/helloworld.o ./src/platform.o   -Wl,--start-group,-lxil,-lgcc,-lc,--end-group
'Finished building target: Neopixel_4modes_app.elf'
' '
'Invoking: ARM v7 Print Size'
arm-none-eabi-size Neopixel_4modes_app.elf  |tee "Neopixel_4modes_app.elf.size"
   text	   data	    bss	    dec	    hex	filename
  18828	   1144	  22568	  42540	   a62c	Neopixel_4modes_app.elf
'Finished building: Neopixel_4modes_app.elf.size'
' '

20:44:24 Build Finished (took 1s.219ms)

