#-----------------------------------------------------------
# Vivado v2024.1 (64-bit)
# SW Build 5076996 on Wed May 22 18:37:14 MDT 2024
# IP Build 5075265 on Wed May 22 21:45:21 MDT 2024
# SharedData Build 5076995 on Wed May 22 18:29:18 MDT 2024
# Start of session at: Mon Mar 10 09:08:47 2025
# Process ID: 28216
# Current directory: C:/DevWorks/SOC_7SEG_AXI/SOC_7SEG_AXI.runs/impl_1
# Command line: vivado.exe -log design_1_wrapper.vdi -applog -product Vivado -messageDb vivado.pb -mode batch -source design_1_wrapper.tcl -notrace
# Log file: C:/DevWorks/SOC_7SEG_AXI/SOC_7SEG_AXI.runs/impl_1/design_1_wrapper.vdi
# Journal file: C:/DevWorks/SOC_7SEG_AXI/SOC_7SEG_AXI.runs/impl_1\vivado.jou
# Running On        :5CD322B22T
# Platform          :Windows Server 2016 or Windows 10
# Operating System  :26100
# Processor Detail  :AMD Ryzen 5 PRO 7530U with Radeon Graphics     
# CPU Frequency     :1996 MHz
# CPU Physical cores:6
# CPU Logical cores :12
# Host memory       :16442 MB
# Swap memory       :8589 MB
# Total Virtual     :25032 MB
# Available Virtual :6040 MB
#-----------------------------------------------------------
source design_1_wrapper.tcl -notrace
